// Jest Snapshot v1, https://goo.gl/fbAQLP

exports[`renders correctly 1`] = `
<div
  className="css-muw0v4 col-11 col-sm-5 col-md-5 col-lg-3"
>
  <div
    className="css-12qzm3b row"
    fontSize="20px"
    paddingbottom="30px"
  >
    testLast
    , 
    testFirst
  </div>
  <div
    className="css-odlume row"
  >
    01/10/1970
  </div>
</div>
`;
